// Jest Snapshot v1, https://goo.gl/fbAQLP

exports[`engine-js HTML5 mangle private properties 1`] = `
[
  "cc.js",
]
`;

exports[`engine-js HTML5 mangle private properties 2`] = `
"(() => {
  console.log(\`-------------------------- IWebGLGPUTexture --------------------------\`);
  let aaaaaaaaa;
  aaaaaaaaa = undefined;
  aaaaaaaaa = {
    _ccprivate$width,
    height: 0,
    depth: 0,
    _ccprivate$size: 0,
    arrayLayer: 0,
    mipLevel: 0,
    _ccprivate$isPowerOf2: false,
    glTarget: 0,
    glInternalFmt: 0,
    glFormat: 0,
    glType: 0,
    glUsage: 0,
    glTexture: null,
    glRenderbuffer: null,
    glWrapS: 0,
    glWrapT: 0,
    glMinFilter: 0,
    glMagFilter: 0,
    isSwapchainTexture: false,
    get widthGetter() {
      return 1;
    },
    set widthSetter(value) {},
    _ccprivate$helloMangle() {},
    helloDontMangle() {}
  };
  console.log(aaaaaaaaa._ccprivate$width);
  console.log(aaaaaaaaa.height);
  console.log(aaaaaaaaa.depth);
  console.log(aaaaaaaaa._ccprivate$size);
  console.log(aaaaaaaaa.arrayLayer);
  console.log(aaaaaaaaa.mipLevel);
  console.log(aaaaaaaaa._ccprivate$isPowerOf2);
  console.log(aaaaaaaaa.glTarget);
  console.log(aaaaaaaaa.glInternalFmt);
  console.log(aaaaaaaaa.glFormat);
  console.log(aaaaaaaaa.glType);
  console.log(aaaaaaaaa.glUsage);
  console.log(aaaaaaaaa.glTexture);
  console.log(aaaaaaaaa.glRenderbuffer);
  console.log(aaaaaaaaa.glWrapS);
  console.log(aaaaaaaaa.glWrapT);
  console.log(aaaaaaaaa.glMinFilter);
  console.log(aaaaaaaaa.glMagFilter);
  console.log(aaaaaaaaa.isSwapchainTexture);
  console.log(aaaaaaaaa.widthGetter);
  console.log(aaaaaaaaa.widthSetter);
  console.log(aaaaaaaaa._ccprivate$helloMangle());
  console.log(aaaaaaaaa.helloDontMangle());
})();
(() => {
  console.log(\`-------------------------- IWebGLGPUTexture1 --------------------------\`);
  const a = {
    _ccprivate$width,
    height: 0,
    depth: 0,
    _ccprivate$size: 0,
    arrayLayer: 0,
    mipLevel: 0,
    _ccprivate$isPowerOf2: false,
    glTarget: 0,
    glInternalFmt: 0,
    glFormat: 0,
    glType: 0,
    glUsage: 0,
    glTexture: null,
    glRenderbuffer: null,
    glWrapS: 0,
    glWrapT: 0,
    glMinFilter: 0,
    glMagFilter: 0,
    isSwapchainTexture: false,
    get widthGetter() {
      return 1;
    },
    set widthSetter(value) {},
    _ccprivate$helloMangle() {},
    helloDontMangle() {}
  };
  console.log(a._ccprivate$width);
  console.log(a.height);
  console.log(a.depth);
  console.log(a._ccprivate$size);
  console.log(a.arrayLayer);
  console.log(a.mipLevel);
  console.log(a._ccprivate$isPowerOf2);
  console.log(a.glTarget);
  console.log(a.glInternalFmt);
  console.log(a.glFormat);
  console.log(a.glType);
  console.log(a.glUsage);
  console.log(a.glTexture);
  console.log(a.glRenderbuffer);
  console.log(a.glWrapS);
  console.log(a.glWrapT);
  console.log(a.glMinFilter);
  console.log(a.glMagFilter);
  console.log(a.isSwapchainTexture);
  console.log(a.widthGetter);
  console.log(a.widthSetter);
  console.log(a._ccprivate$helloMangle());
  console.log(a.helloDontMangle());
})();
(() => {
  console.log(\`-------------------------- IWebGLGPUTexture2 --------------------------\`);
  let aaaaaaaaa;
  aaaaaaaaa = undefined;
  aaaaaaaaa = {
    _ccprivate$width,
    _ccprivate$height: 0,
    _ccprivate$depth: 0,
    _ccprivate$size: 0,
    _ccprivate$arrayLayer: 0,
    _ccprivate$mipLevel: 0,
    _ccprivate$isPowerOf2: false,
    _ccprivate$glTarget: 0,
    _ccprivate$glInternalFmt: 0,
    _ccprivate$glFormat: 0,
    _ccprivate$glType: 0,
    _ccprivate$glUsage: 0,
    _ccprivate$glTexture: null,
    _ccprivate$glRenderbuffer: null,
    _ccprivate$glWrapS: 0,
    _ccprivate$glWrapT: 0,
    _ccprivate$glMinFilter: 0,
    _ccprivate$glMagFilter: 0,
    _ccprivate$isSwapchainTexture: false,
    get _ccprivate$widthGetter() {
      return 1;
    },
    set _ccprivate$widthSetter(value) {}
  };
  console.log(aaaaaaaaa._ccprivate$width);
  console.log(aaaaaaaaa._ccprivate$height);
  console.log(aaaaaaaaa._ccprivate$depth);
  console.log(aaaaaaaaa._ccprivate$size);
  console.log(aaaaaaaaa._ccprivate$arrayLayer);
  console.log(aaaaaaaaa._ccprivate$mipLevel);
  console.log(aaaaaaaaa._ccprivate$isPowerOf2);
  console.log(aaaaaaaaa._ccprivate$glTarget);
  console.log(aaaaaaaaa._ccprivate$glInternalFmt);
  console.log(aaaaaaaaa._ccprivate$glFormat);
  console.log(aaaaaaaaa._ccprivate$glType);
  console.log(aaaaaaaaa._ccprivate$glUsage);
  console.log(aaaaaaaaa._ccprivate$glTexture);
  console.log(aaaaaaaaa._ccprivate$glRenderbuffer);
  console.log(aaaaaaaaa._ccprivate$glWrapS);
  console.log(aaaaaaaaa._ccprivate$glWrapT);
  console.log(aaaaaaaaa._ccprivate$glMinFilter);
  console.log(aaaaaaaaa._ccprivate$glMagFilter);
  console.log(aaaaaaaaa._ccprivate$isSwapchainTexture);
  console.log(aaaaaaaaa._ccprivate$widthGetter);
  console.log(aaaaaaaaa._ccprivate$widthSetter);
})();
(() => {
  console.log(\`-------------------------- IWebGLGPUTexture3 --------------------------\`);
  let aaaaaaaaa;
  aaaaaaaaa = undefined;
  aaaaaaaaa = {
    _ccprivate$width,
    height: 0,
    depth: 0,
    _ccprivate$size: 0,
    arrayLayer: 0,
    mipLevel: 0,
    _ccprivate$isPowerOf2: false,
    glTarget: 0,
    glInternalFmt: 0,
    glFormat: 0,
    glType: 0,
    glUsage: 0,
    glTexture: null,
    _ccprivate$glRenderbuffer: null,
    glWrapS: 0,
    glWrapT: 0,
    glMinFilter: 0,
    glMagFilter: 0,
    isSwapchainTexture: false
  };
  console.log(aaaaaaaaa._ccprivate$width);
  console.log(aaaaaaaaa.height);
  console.log(aaaaaaaaa.depth);
  console.log(aaaaaaaaa._ccprivate$size);
  console.log(aaaaaaaaa.arrayLayer);
  console.log(aaaaaaaaa.mipLevel);
  console.log(aaaaaaaaa._ccprivate$isPowerOf2);
  console.log(aaaaaaaaa.glTarget);
  console.log(aaaaaaaaa.glInternalFmt);
  console.log(aaaaaaaaa.glFormat);
  console.log(aaaaaaaaa.glType);
  console.log(aaaaaaaaa.glUsage);
  console.log(aaaaaaaaa.glTexture);
  console.log(aaaaaaaaa._ccprivate$glRenderbuffer);
  console.log(aaaaaaaaa.glWrapS);
  console.log(aaaaaaaaa.glWrapT);
  console.log(aaaaaaaaa.glMinFilter);
  console.log(aaaaaaaaa.glMagFilter);
  console.log(aaaaaaaaa.isSwapchainTexture);
})();
(() => {
  console.log(\`-------------------------- IWebGLGPUTexture4 --------------------------\`);
  let aaaaaaaaa;
  aaaaaaaaa = undefined;
  aaaaaaaaa = {
    _ccprivate$width,
    _ccprivate$height: 0,
    _ccprivate$depth: 0,
    _ccprivate$size: 0,
    _ccprivate$arrayLayer: 0,
    _ccprivate$mipLevel: 0,
    _ccprivate$isPowerOf2: false,
    _ccprivate$glTarget: 0,
    _ccprivate$glInternalFmt: 0,
    _ccprivate$glFormat: 0,
    _ccprivate$glType: 0,
    _ccprivate$glUsage: 0,
    _ccprivate$glTexture: null,
    _ccprivate$glRenderbuffer: null,
    _ccprivate$glWrapS: 0,
    _ccprivate$glWrapT: 0,
    _ccprivate$glMinFilter: 0,
    _ccprivate$glMagFilter: 0,
    _ccprivate$isSwapchainTexture: false,
    get _ccprivate$widthGetter() {
      return 1;
    }
  };
  console.log(aaaaaaaaa._ccprivate$width);
  console.log(aaaaaaaaa._ccprivate$height);
  console.log(aaaaaaaaa._ccprivate$depth);
  console.log(aaaaaaaaa._ccprivate$size);
  console.log(aaaaaaaaa._ccprivate$arrayLayer);
  console.log(aaaaaaaaa._ccprivate$mipLevel);
  console.log(aaaaaaaaa._ccprivate$isPowerOf2);
  console.log(aaaaaaaaa._ccprivate$glTarget);
  console.log(aaaaaaaaa._ccprivate$glInternalFmt);
  console.log(aaaaaaaaa._ccprivate$glFormat);
  console.log(aaaaaaaaa._ccprivate$glType);
  console.log(aaaaaaaaa._ccprivate$glUsage);
  console.log(aaaaaaaaa._ccprivate$glTexture);
  console.log(aaaaaaaaa._ccprivate$glRenderbuffer);
  console.log(aaaaaaaaa._ccprivate$glWrapS);
  console.log(aaaaaaaaa._ccprivate$glWrapT);
  console.log(aaaaaaaaa._ccprivate$glMinFilter);
  console.log(aaaaaaaaa._ccprivate$glMagFilter);
  console.log(aaaaaaaaa._ccprivate$isSwapchainTexture);
  console.log(aaaaaaaaa._ccprivate$widthGetter);
})();
(() => {
  console.log(\`-------------------------- IWebGLGPUTexture in class --------------------------\`);
  class MyTexture {
    constructor() {
      this._ccprivate$_gpuTexture = void 0;
    }
    get gpuTexture() {
      return this._ccprivate$_gpuTexture;
    }
    init() {
      this._ccprivate$_gpuTexture = {
        _ccprivate$width,
        height: 0,
        depth: 0,
        _ccprivate$size: 0,
        arrayLayer: 0,
        mipLevel: 0,
        _ccprivate$isPowerOf2: false,
        glTarget: 0,
        glInternalFmt: 0,
        glFormat: 0,
        glType: 0,
        glUsage: 0,
        glTexture: null,
        glRenderbuffer: null,
        glWrapS: 0,
        glWrapT: 0,
        glMinFilter: 0,
        glMagFilter: 0,
        isSwapchainTexture: false,
        get widthGetter() {
          return 1;
        },
        set widthSetter(value) {},
        _ccprivate$helloMangle() {},
        helloDontMangle() {}
      };
      return this;
    }
  }
  const tex = new MyTexture().init();
  const aaaaaaaaa = tex.gpuTexture;
  console.log(aaaaaaaaa._ccprivate$width);
  console.log(aaaaaaaaa.height);
  console.log(aaaaaaaaa.depth);
  console.log(aaaaaaaaa._ccprivate$size);
  console.log(aaaaaaaaa.arrayLayer);
  console.log(aaaaaaaaa.mipLevel);
  console.log(aaaaaaaaa._ccprivate$isPowerOf2);
  console.log(aaaaaaaaa.glTarget);
  console.log(aaaaaaaaa.glInternalFmt);
  console.log(aaaaaaaaa.glFormat);
  console.log(aaaaaaaaa.glType);
  console.log(aaaaaaaaa.glUsage);
  console.log(aaaaaaaaa.glTexture);
  console.log(aaaaaaaaa.glRenderbuffer);
  console.log(aaaaaaaaa.glWrapS);
  console.log(aaaaaaaaa.glWrapT);
  console.log(aaaaaaaaa.glMinFilter);
  console.log(aaaaaaaaa.glMagFilter);
  console.log(aaaaaaaaa.isSwapchainTexture);
  console.log(aaaaaaaaa.widthGetter);
  console.log(aaaaaaaaa.widthSetter);
  console.log(aaaaaaaaa._ccprivate$helloMangle());
  console.log(aaaaaaaaa.helloDontMangle());
})();
"
`;
