// Jest Snapshot v1, https://goo.gl/fbAQLP

exports[`module query plugin js engine 1`] = `
"System.register([], (function (exports) {
    'use strict';
    return {
        execute: (function () {

            exports({
                testEditorExport: testEditorExport,
                testEnv: testEnv,
                testInternalExport: testInternalExport
            });

            function testEnv() {
              return 'minigame env';
            }

            function testEditorExport() {
              return 'editor-export env';
            }

            function testInternalExport() {
              return 'internal-minigame-export env';
            }

        })
    };
}));
"
`;

exports[`module query plugin ts engine 1`] = `
[
  "exports/module-query.ts",
  "module-query/index.ts",
  "packages/@module-query/env/src/editor-export/env.ts",
  "packages/@module-query/env/src/internal-export/env.ts",
  "packages/@module-query/env/src/native/env.ts",
]
`;

exports[`module query plugin ts engine 2`] = `
"import { testEnv } from "../packages/@module-query/env/src/native/env";
export { testEnv };
export { testEditorExport } from "../packages/@module-query/env/src/editor-export/env";
export { testInternalExport } from "../packages/@module-query/env/src/internal-export/env";"
`;
