// Jest Snapshot v1, https://goo.gl/fbAQLP

exports[`module query plugin js engine 1`] = `
"System.register([], (function (exports) {
    'use strict';
    return {
        execute: (function () {

            exports('testEnv', testEnv);

            function testEnv() {
              return 'minigame env';
            }

        })
    };
}));
"
`;

exports[`module query plugin ts engine 1`] = `
[
  "exports/module-query.ts",
  "module-query/index.ts",
  "packages/@module-query/env/src/native/env.ts",
]
`;

exports[`module query plugin ts engine 2`] = `
"import { testEnv } from "../packages/@module-query/env/src/native/env";
export { testEnv };"
`;
