// Jest Snapshot v1, https://goo.gl/fbAQLP

exports[`test base 1`] = `
{
  "__virtual__/virtual_const.ts": {
    "code": "export const TEST = true;
export const EDITOR = false;",
  },
  "animation/animation.ts": {
    "code": "export class Animation {
  play() {}
}",
  },
  "animation/index.ts": {
    "code": "export * from './animation';",
  },
  "audio/index.ts": {
    "code": "export * from './player';",
  },
  "audio/internal-native.ts": {
    "code": "console.log('internal-native');",
  },
  "audio/module.native.ts": {
    "code": "console.log('module that after override');",
  },
  "audio/player.ts": {
    "code": "import "internal-native.ts";
import { EDITOR, TEST } from "../__virtual__/virtual_const.ts";
import "./module.native";
import { testDecorator } from "../decorators";
@testDecorator
export class Player {
  @testDecorator
  play() {
    if (EDITOR) {
      console.log('this is editor');
    } else if (TEST) {
      console.log('this is test');
    }
  }
}
export const player: Player = new Player();",
  },
  "decorators.ts": {
    "code": "export function testDecorator() {}",
  },
  "exports/animation.ts": {
    "code": "export * from '../animation';",
  },
  "exports/audio.ts": {
    "code": "export * from '../audio';",
  },
}
`;
